python : C:\Users\meg
ha\omni_retail_ai\app
\agents\base_agent.py
:1: FutureWarning: 
At line:1 char:1
+ python 
test_agents.py > 
test_output.txt 2>&1
+ ~~~~~~~~~~~~~~~~~~~
~~~~~~~~~~~~~~~~~~~~~
~~~~
    + CategoryInfo   
           : NotSpe  
  cified: (C:\User   
 s\megha\...Futur    
eWarning: :Strin    
g) [], RemoteExc    
eption
    + FullyQualified 
   ErrorId : Native  
  CommandError
 

All support for the `
google.generativeai` 
package has ended. 
It will no longer be 
receiving 
updates or bug 
fixes. Please switch 
to the 
`google.genai` 
package as soon as 
possible.
See README for more 
details:

https://github.com/go
ogle-gemini/deprecate
d-generative-ai-pytho
n/blob/main/README.md

  import 
google.generativeai 
as genai
Testing Agents...

--- ShopCore Agent ---
DEBUG: Detailed error: 404 models/gemini-1.5-flash is not found for API version v1beta, or is not supported for generateContent. Call ListModels to see the list of available models and their supported methods.
{'error': 'Agent Error: 404 models/gemini-1.5-flash is not found for API version v1beta, or is not supported for generateContent. Call ListModels to see the list of available models and their supported methods.'}

--- ShipStream Agent ---
DEBUG: Detailed error: 404 models/gemini-1.5-flash is not found for API version v1beta, or is not supported for generateContent. Call ListModels to see the list of available models and their supported methods.
{'error': 'Agent Error: 404 models/gemini-1.5-flash is not found for API version v1beta, or is not supported for generateContent. Call ListModels to see the list of available models and their supported methods.'}

--- PayGuard Agent ---
DEBUG: Detailed error: 404 models/gemini-1.5-flash is not found for API version v1beta, or is not supported for generateContent. Call ListModels to see the list of available models and their supported methods.
{'error': 'Agent Error: 404 models/gemini-1.5-flash is not found for API version v1beta, or is not supported for generateContent. Call ListModels to see the list of available models and their supported methods.'}

--- CareDesk Agent ---
DEBUG: Detailed error: 404 models/gemini-1.5-flash is not found for API version v1beta, or is not supported for generateContent. Call ListModels to see the list of available models and their supported methods.
{'error': 'Agent Error: 404 models/gemini-1.5-flash is not found for API version v1beta, or is not supported for generateContent. Call ListModels to see the list of available models and their supported methods.'}
